exports[`Animated tests renders correctly 1`] = `
<View
  onLayout={[Function anonymous]}
  style={Object {}} />
`;
